<html>
<body>
<pre>
<h1>µVision Build Log</h1>
<h2>Tool Versions:</h2>
IDE-Version: µVision V5.29.0.0
Copyright (C) 2019 ARM Ltd and ARM Germany GmbH. All rights reserved.
License Information: zain khokhar, uofregina, LIC=----
 
Tool Versions:
Toolchain:       MDK-Lite  Version: 5.29.0.0
Toolchain Path:  C:\Keil_v5\ARM\ARMCC\Bin
C Compiler:      Armcc.exe V5.06 update 6 (build 750)
Assembler:       Armasm.exe V5.06 update 6 (build 750)
Linker/Locator:  ArmLink.exe V5.06 update 6 (build 750)
Library Manager: ArmAr.exe V5.06 update 6 (build 750)
Hex Converter:   FromElf.exe V5.06 update 6 (build 750)
CPU DLL:         SARMCM3.DLL V5.29.0.0
Dialog DLL:      DCM.DLL V1.17.3.0
Target DLL:      STLink\ST-LINKIII-KEIL_SWO.dll V3.0.6.0
Dialog DLL:      TCM.DLL V1.36.5.0
 
<h2>Project:</h2>
C:\Users\khokhar\Desktop\UREGINA\Labs 387\Final Project\-Project\387Project.uvprojx
Project File Date:  04/08/2020

<h2>Output:</h2>
*** Using Compiler 'V5.06 update 6 (build 750)', folder: 'C:\Keil_v5\ARM\ARMCC\Bin'
Build target 'Target 1'
compiling motor.c...
clock.h(11): warning:  #1-D: last line of file ends without a newline
  void delay(uint32_t count);
LCD.h(30): warning:  #1-D: last line of file ends without a newline
  void str2lcd(char * message);
line.h(9): warning:  #1295-D: Deprecated declaration detectLine - give arg types
  uint16_t detectLine();
line.h(12): warning:  #1-D: last line of file ends without a newline
  void countLine();
line.h(12): warning:  #1295-D: Deprecated declaration countLine - give arg types
  void countLine();
clock.h(11): warning:  #1-D: last line of file ends without a newline
  void delay(uint32_t count);
LCD.h(30): warning:  #1-D: last line of file ends without a newline
  void str2lcd(char * message);
obstacle.h(7): warning:  #1295-D: Deprecated declaration checkObstacle - give arg types
  uint16_t checkObstacle();
obstacle.h(8): warning:  #1295-D: Deprecated declaration obsFront - give arg types
  uint16_t obsFront();
obstacle.h(9): warning:  #1295-D: Deprecated declaration obsLeft - give arg types
  uint16_t obsLeft();
obstacle.h(10): warning:  #1-D: last line of file ends without a newline
  uint16_t obsRight();
obstacle.h(10): warning:  #1295-D: Deprecated declaration obsRight - give arg types
  uint16_t obsRight();
LCD.h(30): warning:  #1-D: last line of file ends without a newline
  void str2lcd(char * message);
motor.h(22): warning:  #1-D: last line of file ends without a newline
  void turn180();
motor.h(22): warning:  #1295-D: Deprecated declaration turn180 - give arg types
  void turn180();
motor.c(16): warning:  #223-D: function "sprintf" declared implicitly
  	sprintf(result, "%.1f cm      ",  distance_front);
motor.c(8): warning:  #177-D: variable "distance_turn"  was declared but never referenced
  	float distance_front, distance_turn;
motor.c(138): warning:  #550-D: variable "count"  was set but never used
  	int count = 0;
motor.c(212): warning:  #550-D: variable "count"  was set but never used
  	int count = 0;
motor.c(315): warning:  #1-D: last line of file ends without a newline
  }
motor.c: 20 warnings, 0 errors
linking...
Program Size: Code=9968 RO-data=496 RW-data=4 ZI-data=1636  
".\Objects\387Project.axf" - 0 Error(s), 20 Warning(s).

<h2>Software Packages used:</h2>

Package Vendor: ARM
                http://www.keil.com/pack/ARM.CMSIS.5.6.0.pack
                ARM.CMSIS.5.6.0
                CMSIS (Cortex Microcontroller Software Interface Standard)
   * Component: CORE Version: 5.3.0

Package Vendor: Keil
                http://www.keil.com/pack/Keil.STM32F1xx_DFP.2.3.0.pack
                Keil.STM32F1xx_DFP.2.3.0
                STMicroelectronics STM32F1 Series Device Support, Drivers and Examples
   * Component: Startup Version: 1.0.0

<h2>Collection of Component include folders:</h2>
  .\RTE\Device\STM32F100RB
  .\RTE\_Target_1
  D:\MicrosoftSoftwares\ARM\CMSIS\5.6.0\CMSIS\Core\Include
  D:\MicrosoftSoftwares\Keil\STM32F1xx_DFP\2.3.0\Device\Include

<h2>Collection of Component Files used:</h2>

   * Component: ARM::CMSIS:CORE:5.3.0

   * Component: Keil::Device:Startup:1.0.0
      Source file:   Device\Source\system_stm32f10x.c
      Source file:   Device\Source\ARM\startup_stm32f10x_md_vl.s
      Source file:   Device\Source\ARM\STM32F1xx_OPT.s
      Include file:  RTE_Driver\Config\RTE_Device.h
Build Time Elapsed:  00:00:01
</pre>
</body>
</html>
